// Jest Snapshot v1, https://goo.gl/fbAQLP

exports[`renders correctly 1`] = `
<View
  style={
    Object {
      "alignItems": "center",
      "backgroundColor": "#f1f1f1",
      "flex": 1,
      "justifyContent": "center",
    }
  }
>
  <Text
    accessible={true}
    allowFontScaling={true}
    ellipsizeMode="tail"
    style={
      Object {
        "color": "#141414",
        "fontSize": 20,
        "marginTop": 10,
      }
    }
  >
    Sobre qual filme vocÃª quer saber mais?
  </Text>
  <TextInput
    allowFontScaling={true}
    onChangeText={[Function]}
    style={
      Object {
        "borderBottomColor": "#141414",
        "borderBottomWidth": 2,
        "height": 50,
        "marginBottom": 20,
        "marginTop": 10,
        "width": "75%",
      }
    }
  />
  <View
    style={
      Array [
        Object {
          "marginLeft": 15,
          "marginRight": 15,
        },
        Object {
          "shadowColor": "rgba(0,0,0, .4)",
          "shadowOffset": Object {
            "height": 1,
            "width": 1,
          },
          "shadowOpacity": 1,
          "shadowRadius": 1,
        },
        undefined,
        undefined,
      ]
    }
  >
    <View
      accessibilityComponentType={undefined}
      accessibilityLabel={undefined}
      accessibilityTraits={undefined}
      accessible={true}
      hasTVPreferredFocus={undefined}
      hitSlop={undefined}
      isTVSelectable={true}
      nativeID={undefined}
      onLayout={undefined}
      onResponderGrant={[Function]}
      onResponderMove={[Function]}
      onResponderRelease={[Function]}
      onResponderTerminate={[Function]}
      onResponderTerminationRequest={[Function]}
      onStartShouldSetResponder={[Function]}
      style={
        Array [
          Object {
            "backgroundColor": "transparent",
          },
          undefined,
        ]
      }
      testID={undefined}
      tvParallaxProperties={undefined}
    >
      <View
        pointerEvents="box-only"
        style={
          Array [
            Object {
              "alignItems": "center",
              "backgroundColor": "#9E9E9E",
              "flexDirection": "row",
              "justifyContent": "center",
              "padding": 19,
            },
            undefined,
            undefined,
            undefined,
            undefined,
            undefined,
            Object {
              "backgroundColor": "#ff5722",
            },
            undefined,
            false,
            undefined,
            undefined,
            undefined,
            undefined,
            undefined,
            undefined,
          ]
        }
      >
        <Text
          accessible={true}
          allowFontScaling={true}
          ellipsizeMode="tail"
          style={
            Array [
              Object {},
              undefined,
              undefined,
              undefined,
              undefined,
              undefined,
              undefined,
              undefined,
              undefined,
              undefined,
              Array [
                Object {
                  "color": "white",
                  "fontSize": 20,
                },
                undefined,
                false,
                undefined,
                undefined,
                undefined,
                undefined,
              ],
            ]
          }
        >
          BUSCAR
        </Text>
      </View>
    </View>
  </View>
</View>
`;
